<?xml version="1.0" encoding="utf-8"?><testsuites name="pytest tests"><testsuite name="pytest" errors="0" failures="0" skipped="0" tests="1" time="6.150" timestamp="2026-02-19T14:51:38.469757-05:00" hostname="Briars-MacBook-Pro.local"><testcase classname="tests.test_pipeline.TestPipeline" name="test_pipeline" time="5.346" /></testsuite></testsuites>
